2026.01.04 17:40:36 INFO  Started: Metals version 1.6.4 in folders '/Users/samirmujic/Desktop/programming-languages-project' for client Visual Studio Code 1.107.0.
2026.01.04 17:40:36 WARN  Using H2 2.4.240 which is newer than the version Flyway has been verified with. The latest verified version of H2 is 2.3.232.
2026.01.04 17:40:38 INFO  no build target found for /Users/samirmujic/Desktop/programming-languages-project/src/main/scala/main.scala. Using presentation compiler with project's scala-library version: 3.3.6
2026.01.04 17:40:38 INFO  no build target found for /Users/samirmujic/Desktop/programming-languages-project/src/main/scala/main.scala. Using presentation compiler with project's scala-library version: 3.3.6
2026.01.04 17:41:15 INFO  no build target found for /Users/samirmujic/Desktop/programming-languages-project/src/main/scala/main.scala. Using presentation compiler with project's scala-library version: 3.3.6
2026.01.04 17:41:49 INFO  Shutting down server
2026.01.04 17:41:49 INFO  shutting down Metals
2026.01.04 17:41:49 INFO  Exiting server
2026.01.04 17:42:08 INFO  Started: Metals version 1.6.4 in folders '/Users/samirmujic/Desktop/programming-languages-project' for client Visual Studio Code 1.107.1.
2026.01.04 17:42:08 WARN  Using H2 2.4.240 which is newer than the version Flyway has been verified with. The latest verified version of H2 is 2.3.232.
2026.01.04 17:42:08 INFO  no build target found for /Users/samirmujic/Desktop/programming-languages-project/src/main/scala/main.scala. Using presentation compiler with project's scala-library version: 3.3.6
2026.01.04 17:42:09 INFO  no build target found for /Users/samirmujic/Desktop/programming-languages-project/src/main/scala/main.scala. Using presentation compiler with project's scala-library version: 3.3.6
2026.01.04 18:00:43 INFO  no build target found for /Users/samirmujic/Desktop/programming-languages-project/src/main/scala/main.scala. Using presentation compiler with project's scala-library version: 3.3.6
2026.01.04 18:00:43 INFO  no build target found for /Users/samirmujic/Desktop/programming-languages-project/src/main/scala/main.scala. Using presentation compiler with project's scala-library version: 3.3.6
2026.01.04 18:01:02 INFO  no build target found for /Users/samirmujic/Desktop/programming-languages-project/src/main/scala/GameEngine.scala. Using presentation compiler with project's scala-library version: 3.3.6
2026.01.04 18:01:02 WARN  Could not find semantic tokens for: file:///Users/samirmujic/Desktop/programming-languages-project/src/main/scala/GameEngine.scala
Jan 04, 2026 6:01:39 PM org.eclipse.lsp4j.jsonrpc.services.GenericEndpoint notify
INFO: Unsupported notification method: $/setTrace
Jan 04, 2026 6:01:39 PM org.eclipse.lsp4j.jsonrpc.services.GenericEndpoint notify
INFO: Unsupported notification method: $/setTrace
2026.01.04 18:15:28 WARN  no build target for: /Users/samirmujic/Desktop/programming-languages-project/src/main/scala/main.scala
2026.01.04 18:15:28 INFO  no build target found for /Users/samirmujic/Desktop/programming-languages-project/src/main/scala/main.scala. Using presentation compiler with project's scala-library version: 3.3.6
2026.01.04 18:15:28 INFO  no build target found for /Users/samirmujic/Desktop/programming-languages-project/src/main/scala/main.scala. Using presentation compiler with project's scala-library version: 3.3.6
2026.01.04 18:17:05 INFO  no build target found for /Users/samirmujic/Desktop/programming-languages-project/src/main/scala/main.scala. Using presentation compiler with project's scala-library version: 3.3.6
2026.01.04 18:17:05 INFO  no build target found for /Users/samirmujic/Desktop/programming-languages-project/src/main/scala/main.scala. Using presentation compiler with project's scala-library version: 3.3.6
2026.01.04 18:18:05 INFO  no build target found for /Users/samirmujic/Desktop/programming-languages-project/src/main/scala/main.scala. Using presentation compiler with project's scala-library version: 3.3.6
2026.01.04 18:18:05 INFO  no build target found for /Users/samirmujic/Desktop/programming-languages-project/src/main/scala/main.scala. Using presentation compiler with project's scala-library version: 3.3.6
2026.01.04 18:18:38 INFO  no build target found for /Users/samirmujic/Desktop/programming-languages-project/src/main/scala/main.scala. Using presentation compiler with project's scala-library version: 3.3.6
2026.01.04 18:28:30 INFO  no build target found for /Users/samirmujic/Desktop/programming-languages-project/src/main/scala/main.scala. Using presentation compiler with project's scala-library version: 3.3.6
2026.01.04 18:28:31 INFO  no build target found for /Users/samirmujic/Desktop/programming-languages-project/src/main/scala/main.scala. Using presentation compiler with project's scala-library version: 3.3.6
2026.01.04 18:28:31 WARN  Could not find semantic tokens for: file:///Users/samirmujic/Desktop/programming-languages-project/src/main/scala/main.scala
2026.01.04 18:28:58 INFO  no build target found for /Users/samirmujic/Desktop/programming-languages-project/src/main/scala/main.scala. Using presentation compiler with project's scala-library version: 3.3.6
2026.01.04 18:28:58 INFO  no build target found for /Users/samirmujic/Desktop/programming-languages-project/src/main/scala/main.scala. Using presentation compiler with project's scala-library version: 3.3.6
2026.01.04 18:28:58 INFO  no build target found for /Users/samirmujic/Desktop/programming-languages-project/src/main/scala/main.scala. Using presentation compiler with project's scala-library version: 3.3.6
2026.01.04 18:28:59 INFO  no build target found for /Users/samirmujic/Desktop/programming-languages-project/src/main/scala/main.scala. Using presentation compiler with project's scala-library version: 3.3.6
2026.01.04 18:29:01 INFO  no build target found for /Users/samirmujic/Desktop/programming-languages-project/src/main/scala/main.scala. Using presentation compiler with project's scala-library version: 3.3.6
2026.01.04 18:29:01 INFO  no build target found for /Users/samirmujic/Desktop/programming-languages-project/src/main/scala/main.scala. Using presentation compiler with project's scala-library version: 3.3.6
2026.01.04 18:29:04 INFO  no build target found for /Users/samirmujic/Desktop/programming-languages-project/src/main/scala/main.scala. Using presentation compiler with project's scala-library version: 3.3.6
2026.01.04 18:29:04 INFO  no build target found for /Users/samirmujic/Desktop/programming-languages-project/src/main/scala/main.scala. Using presentation compiler with project's scala-library version: 3.3.6
2026.01.04 18:29:04 INFO  no build target found for /Users/samirmujic/Desktop/programming-languages-project/src/main/scala/main.scala. Using presentation compiler with project's scala-library version: 3.3.6
2026.01.04 18:29:04 INFO  no build target found for /Users/samirmujic/Desktop/programming-languages-project/src/main/scala/main.scala. Using presentation compiler with project's scala-library version: 3.3.6
2026.01.04 18:29:04 INFO  no build target found for /Users/samirmujic/Desktop/programming-languages-project/src/main/scala/main.scala. Using presentation compiler with project's scala-library version: 3.3.6
2026.01.04 18:29:04 INFO  no build target found for /Users/samirmujic/Desktop/programming-languages-project/src/main/scala/main.scala. Using presentation compiler with project's scala-library version: 3.3.6
2026.01.04 18:29:04 INFO  no build target found for /Users/samirmujic/Desktop/programming-languages-project/src/main/scala/main.scala. Using presentation compiler with project's scala-library version: 3.3.6
2026.01.04 18:29:04 INFO  no build target found for /Users/samirmujic/Desktop/programming-languages-project/src/main/scala/main.scala. Using presentation compiler with project's scala-library version: 3.3.6
2026.01.04 18:29:04 INFO  no build target found for /Users/samirmujic/Desktop/programming-languages-project/src/main/scala/main.scala. Using presentation compiler with project's scala-library version: 3.3.6
2026.01.04 18:29:04 INFO  no build target found for /Users/samirmujic/Desktop/programming-languages-project/src/main/scala/main.scala. Using presentation compiler with project's scala-library version: 3.3.6
2026.01.04 18:29:05 INFO  no build target found for /Users/samirmujic/Desktop/programming-languages-project/src/main/scala/main.scala. Using presentation compiler with project's scala-library version: 3.3.6
2026.01.04 18:29:05 INFO  no build target found for /Users/samirmujic/Desktop/programming-languages-project/src/main/scala/main.scala. Using presentation compiler with project's scala-library version: 3.3.6
2026.01.04 18:29:05 INFO  no build target found for /Users/samirmujic/Desktop/programming-languages-project/src/main/scala/main.scala. Using presentation compiler with project's scala-library version: 3.3.6
2026.01.04 18:29:05 INFO  no build target found for /Users/samirmujic/Desktop/programming-languages-project/src/main/scala/main.scala. Using presentation compiler with project's scala-library version: 3.3.6
2026.01.04 18:29:05 INFO  no build target found for /Users/samirmujic/Desktop/programming-languages-project/src/main/scala/main.scala. Using presentation compiler with project's scala-library version: 3.3.6
2026.01.04 18:29:05 INFO  no build target found for /Users/samirmujic/Desktop/programming-languages-project/src/main/scala/main.scala. Using presentation compiler with project's scala-library version: 3.3.6
2026.01.04 18:29:05 INFO  no build target found for /Users/samirmujic/Desktop/programming-languages-project/src/main/scala/main.scala. Using presentation compiler with project's scala-library version: 3.3.6
2026.01.04 18:29:05 INFO  no build target found for /Users/samirmujic/Desktop/programming-languages-project/src/main/scala/main.scala. Using presentation compiler with project's scala-library version: 3.3.6
2026.01.04 18:29:05 INFO  no build target found for /Users/samirmujic/Desktop/programming-languages-project/src/main/scala/main.scala. Using presentation compiler with project's scala-library version: 3.3.6
2026.01.04 18:29:05 INFO  no build target found for /Users/samirmujic/Desktop/programming-languages-project/src/main/scala/main.scala. Using presentation compiler with project's scala-library version: 3.3.6
2026.01.04 18:29:05 INFO  no build target found for /Users/samirmujic/Desktop/programming-languages-project/src/main/scala/main.scala. Using presentation compiler with project's scala-library version: 3.3.6
2026.01.04 18:29:06 INFO  no build target found for /Users/samirmujic/Desktop/programming-languages-project/src/main/scala/main.scala. Using presentation compiler with project's scala-library version: 3.3.6
2026.01.04 18:29:06 INFO  no build target found for /Users/samirmujic/Desktop/programming-languages-project/src/main/scala/main.scala. Using presentation compiler with project's scala-library version: 3.3.6
2026.01.04 18:29:08 INFO  no build target found for /Users/samirmujic/Desktop/programming-languages-project/src/main/scala/main.scala. Using presentation compiler with project's scala-library version: 3.3.6
2026.01.04 18:29:08 INFO  no build target found for /Users/samirmujic/Desktop/programming-languages-project/src/main/scala/main.scala. Using presentation compiler with project's scala-library version: 3.3.6
2026.01.04 18:29:08 INFO  no build target found for /Users/samirmujic/Desktop/programming-languages-project/src/main/scala/main.scala. Using presentation compiler with project's scala-library version: 3.3.6
2026.01.04 18:29:08 INFO  no build target found for /Users/samirmujic/Desktop/programming-languages-project/src/main/scala/main.scala. Using presentation compiler with project's scala-library version: 3.3.6
2026.01.04 18:29:11 INFO  no build target found for /Users/samirmujic/Desktop/programming-languages-project/src/main/scala/main.scala. Using presentation compiler with project's scala-library version: 3.3.6
2026.01.04 18:29:12 INFO  no build target found for /Users/samirmujic/Desktop/programming-languages-project/src/main/scala/main.scala. Using presentation compiler with project's scala-library version: 3.3.6
2026.01.04 18:29:40 INFO  no build target found for /Users/samirmujic/Desktop/programming-languages-project/src/main/scala/Player.scala. Using presentation compiler with project's scala-library version: 3.3.6
2026.01.04 18:29:40 WARN  Could not find semantic tokens for: file:///Users/samirmujic/Desktop/programming-languages-project/src/main/scala/Player.scala
2026.01.04 18:29:42 INFO  no build target found for /Users/samirmujic/Desktop/programming-languages-project/src/main/scala/Player.scala. Using presentation compiler with project's scala-library version: 3.3.6
2026.01.04 18:29:42 INFO  no build target found for /Users/samirmujic/Desktop/programming-languages-project/src/main/scala/Player.scala. Using presentation compiler with project's scala-library version: 3.3.6
2026.01.04 18:29:42 INFO  no build target found for /Users/samirmujic/Desktop/programming-languages-project/src/main/scala/Player.scala. Using presentation compiler with project's scala-library version: 3.3.6
2026.01.04 18:29:42 INFO  no build target found for /Users/samirmujic/Desktop/programming-languages-project/src/main/scala/Player.scala. Using presentation compiler with project's scala-library version: 3.3.6
2026.01.04 18:29:44 INFO  no build target found for /Users/samirmujic/Desktop/programming-languages-project/src/main/scala/Player.scala. Using presentation compiler with project's scala-library version: 3.3.6
2026.01.04 18:29:44 INFO  no build target found for /Users/samirmujic/Desktop/programming-languages-project/src/main/scala/Player.scala. Using presentation compiler with project's scala-library version: 3.3.6
2026.01.04 18:29:45 INFO  no build target found for /Users/samirmujic/Desktop/programming-languages-project/src/main/scala/Player.scala. Using presentation compiler with project's scala-library version: 3.3.6
2026.01.04 18:29:46 INFO  no build target found for /Users/samirmujic/Desktop/programming-languages-project/src/main/scala/Player.scala. Using presentation compiler with project's scala-library version: 3.3.6
2026.01.04 18:29:46 INFO  no build target found for /Users/samirmujic/Desktop/programming-languages-project/src/main/scala/Player.scala. Using presentation compiler with project's scala-library version: 3.3.6
2026.01.04 18:29:46 INFO  no build target found for /Users/samirmujic/Desktop/programming-languages-project/src/main/scala/Player.scala. Using presentation compiler with project's scala-library version: 3.3.6
2026.01.04 18:29:46 INFO  no build target found for /Users/samirmujic/Desktop/programming-languages-project/src/main/scala/Player.scala. Using presentation compiler with project's scala-library version: 3.3.6
2026.01.04 18:29:47 INFO  no build target found for /Users/samirmujic/Desktop/programming-languages-project/src/main/scala/Player.scala. Using presentation compiler with project's scala-library version: 3.3.6
2026.01.04 18:29:49 INFO  no build target found for /Users/samirmujic/Desktop/programming-languages-project/src/main/scala/Player.scala. Using presentation compiler with project's scala-library version: 3.3.6
2026.01.04 18:40:26 INFO  no build target found for /Users/samirmujic/Desktop/programming-languages-project/src/main/scala/Player.scala. Using presentation compiler with project's scala-library version: 3.3.6
2026.01.04 18:40:29 INFO  no build target found for /Users/samirmujic/Desktop/programming-languages-project/src/main/scala/WordList.scala. Using presentation compiler with project's scala-library version: 3.3.6
2026.01.04 18:40:29 WARN  Could not find semantic tokens for: file:///Users/samirmujic/Desktop/programming-languages-project/src/main/scala/WordList.scala
2026.01.04 18:40:30 INFO  no build target found for /Users/samirmujic/Desktop/programming-languages-project/src/main/scala/WordList.scala. Using presentation compiler with project's scala-library version: 3.3.6
2026.01.04 18:40:30 INFO  no build target found for /Users/samirmujic/Desktop/programming-languages-project/src/main/scala/WordList.scala. Using presentation compiler with project's scala-library version: 3.3.6
2026.01.04 18:40:30 INFO  no build target found for /Users/samirmujic/Desktop/programming-languages-project/src/main/scala/WordList.scala. Using presentation compiler with project's scala-library version: 3.3.6
2026.01.04 18:40:31 INFO  no build target found for /Users/samirmujic/Desktop/programming-languages-project/src/main/scala/WordList.scala. Using presentation compiler with project's scala-library version: 3.3.6
2026.01.04 18:40:32 INFO  no build target found for /Users/samirmujic/Desktop/programming-languages-project/src/main/scala/WordList.scala. Using presentation compiler with project's scala-library version: 3.3.6
2026.01.04 18:40:32 INFO  no build target found for /Users/samirmujic/Desktop/programming-languages-project/src/main/scala/WordList.scala. Using presentation compiler with project's scala-library version: 3.3.6
2026.01.04 18:40:33 INFO  no build target found for /Users/samirmujic/Desktop/programming-languages-project/src/main/scala/WordList.scala. Using presentation compiler with project's scala-library version: 3.3.6
2026.01.04 18:40:33 INFO  no build target found for /Users/samirmujic/Desktop/programming-languages-project/src/main/scala/WordList.scala. Using presentation compiler with project's scala-library version: 3.3.6
2026.01.04 18:40:34 INFO  no build target found for /Users/samirmujic/Desktop/programming-languages-project/src/main/scala/WordList.scala. Using presentation compiler with project's scala-library version: 3.3.6
2026.01.04 18:40:34 INFO  no build target found for /Users/samirmujic/Desktop/programming-languages-project/src/main/scala/WordList.scala. Using presentation compiler with project's scala-library version: 3.3.6
2026.01.04 18:40:34 INFO  no build target found for /Users/samirmujic/Desktop/programming-languages-project/src/main/scala/WordList.scala. Using presentation compiler with project's scala-library version: 3.3.6
2026.01.04 18:40:34 INFO  no build target found for /Users/samirmujic/Desktop/programming-languages-project/src/main/scala/WordList.scala. Using presentation compiler with project's scala-library version: 3.3.6
2026.01.04 18:40:35 INFO  no build target found for /Users/samirmujic/Desktop/programming-languages-project/src/main/scala/WordList.scala. Using presentation compiler with project's scala-library version: 3.3.6
2026.01.04 18:40:36 INFO  no build target found for /Users/samirmujic/Desktop/programming-languages-project/src/main/scala/WordList.scala. Using presentation compiler with project's scala-library version: 3.3.6
2026.01.04 18:42:19 WARN  no build target for: /Users/samirmujic/Desktop/programming-languages-project/src/main/scala/main.scala
2026.01.04 18:42:19 INFO  no build target found for /Users/samirmujic/Desktop/programming-languages-project/src/main/scala/main.scala. Using presentation compiler with project's scala-library version: 3.3.6
2026.01.04 18:42:19 INFO  no build target found for /Users/samirmujic/Desktop/programming-languages-project/src/main/scala/main.scala. Using presentation compiler with project's scala-library version: 3.3.6
2026.01.04 18:42:19 INFO  no build target found for /Users/samirmujic/Desktop/programming-languages-project/src/main/scala/main.scala. Using presentation compiler with project's scala-library version: 3.3.6
2026.01.04 18:42:19 INFO  no build target found for /Users/samirmujic/Desktop/programming-languages-project/src/main/scala/main.scala. Using presentation compiler with project's scala-library version: 3.3.6
2026.01.04 18:42:20 INFO  no build target found for /Users/samirmujic/Desktop/programming-languages-project/src/main/scala/main.scala. Using presentation compiler with project's scala-library version: 3.3.6
2026.01.04 18:42:54 INFO  no build target found for /Users/samirmujic/Desktop/programming-languages-project/src/main/scala/main.scala. Using presentation compiler with project's scala-library version: 3.3.6
2026.01.04 18:42:54 INFO  no build target found for /Users/samirmujic/Desktop/programming-languages-project/src/main/scala/main.scala. Using presentation compiler with project's scala-library version: 3.3.6
2026.01.04 18:42:54 INFO  no build target found for /Users/samirmujic/Desktop/programming-languages-project/src/main/scala/main.scala. Using presentation compiler with project's scala-library version: 3.3.6
2026.01.04 18:42:55 INFO  no build target found for /Users/samirmujic/Desktop/programming-languages-project/src/main/scala/main.scala. Using presentation compiler with project's scala-library version: 3.3.6
2026.01.04 18:42:55 INFO  no build target found for /Users/samirmujic/Desktop/programming-languages-project/src/main/scala/main.scala. Using presentation compiler with project's scala-library version: 3.3.6
2026.01.04 18:42:55 INFO  no build target found for /Users/samirmujic/Desktop/programming-languages-project/src/main/scala/main.scala. Using presentation compiler with project's scala-library version: 3.3.6
2026.01.04 18:42:56 INFO  no build target found for /Users/samirmujic/Desktop/programming-languages-project/src/main/scala/main.scala. Using presentation compiler with project's scala-library version: 3.3.6
2026.01.04 18:43:12 INFO  no build target found for /Users/samirmujic/Desktop/programming-languages-project/src/main/scala/main.scala. Using presentation compiler with project's scala-library version: 3.3.6
2026.01.04 18:43:13 INFO  no build target found for /Users/samirmujic/Desktop/programming-languages-project/src/main/scala/main.scala. Using presentation compiler with project's scala-library version: 3.3.6
2026.01.04 18:43:13 INFO  no build target found for /Users/samirmujic/Desktop/programming-languages-project/src/main/scala/main.scala. Using presentation compiler with project's scala-library version: 3.3.6
2026.01.04 18:43:13 INFO  no build target found for /Users/samirmujic/Desktop/programming-languages-project/src/main/scala/main.scala. Using presentation compiler with project's scala-library version: 3.3.6
2026.01.04 18:46:22 INFO  no build target found for /Users/samirmujic/Desktop/programming-languages-project/src/main/scala/main.scala. Using presentation compiler with project's scala-library version: 3.3.6
2026.01.04 18:46:30 INFO  no build target found for /Users/samirmujic/Desktop/programming-languages-project/src/main/scala/main.scala. Using presentation compiler with project's scala-library version: 3.3.6
2026.01.04 18:46:30 INFO  no build target found for /Users/samirmujic/Desktop/programming-languages-project/src/main/scala/main.scala. Using presentation compiler with project's scala-library version: 3.3.6
2026.01.04 18:46:35 INFO  no build target found for /Users/samirmujic/Desktop/programming-languages-project/src/main/scala/main.scala. Using presentation compiler with project's scala-library version: 3.3.6
2026.01.04 18:46:37 INFO  no build target found for /Users/samirmujic/Desktop/programming-languages-project/src/main/scala/main.scala. Using presentation compiler with project's scala-library version: 3.3.6
2026.01.04 18:46:40 WARN  no build target for: /Users/samirmujic/Desktop/programming-languages-project/src/main/scala/main.scala
2026.01.04 18:46:40 INFO  no build target found for /Users/samirmujic/Desktop/programming-languages-project/src/main/scala/main.scala. Using presentation compiler with project's scala-library version: 3.3.6
2026.01.04 18:46:40 INFO  no build target found for /Users/samirmujic/Desktop/programming-languages-project/src/main/scala/main.scala. Using presentation compiler with project's scala-library version: 3.3.6
2026.01.04 18:46:42 WARN  no build target for: /Users/samirmujic/Desktop/programming-languages-project/src/main/scala/Player.scala
2026.01.04 18:46:42 INFO  no build target found for /Users/samirmujic/Desktop/programming-languages-project/src/main/scala/Player.scala. Using presentation compiler with project's scala-library version: 3.3.6
2026.01.04 18:46:42 INFO  no build target found for /Users/samirmujic/Desktop/programming-languages-project/src/main/scala/Player.scala. Using presentation compiler with project's scala-library version: 3.3.6
2026.01.04 18:46:42 WARN  no build target for: /Users/samirmujic/Desktop/programming-languages-project/src/main/scala/Player.scala
2026.01.04 18:46:42 INFO  no build target found for /Users/samirmujic/Desktop/programming-languages-project/src/main/scala/Player.scala. Using presentation compiler with project's scala-library version: 3.3.6
2026.01.04 18:46:42 INFO  no build target found for /Users/samirmujic/Desktop/programming-languages-project/src/main/scala/Player.scala. Using presentation compiler with project's scala-library version: 3.3.6
2026.01.04 18:46:44 WARN  no build target for: /Users/samirmujic/Desktop/programming-languages-project/src/main/scala/WordList.scala
2026.01.04 18:46:44 INFO  no build target found for /Users/samirmujic/Desktop/programming-languages-project/src/main/scala/WordList.scala. Using presentation compiler with project's scala-library version: 3.3.6
2026.01.04 18:46:44 INFO  no build target found for /Users/samirmujic/Desktop/programming-languages-project/src/main/scala/WordList.scala. Using presentation compiler with project's scala-library version: 3.3.6
2026.01.04 18:46:44 INFO  no build target found for /Users/samirmujic/Desktop/programming-languages-project/src/main/scala/WordList.scala. Using presentation compiler with project's scala-library version: 3.3.6
2026.01.04 18:46:44 INFO  no build target found for /Users/samirmujic/Desktop/programming-languages-project/src/main/scala/WordList.scala. Using presentation compiler with project's scala-library version: 3.3.6
2026.01.04 18:46:44 WARN  no build target for: /Users/samirmujic/Desktop/programming-languages-project/src/main/scala/WordList.scala
2026.01.04 18:46:44 INFO  no build target found for /Users/samirmujic/Desktop/programming-languages-project/src/main/scala/WordList.scala. Using presentation compiler with project's scala-library version: 3.3.6
2026.01.04 18:46:45 WARN  no build target for: /Users/samirmujic/Desktop/programming-languages-project/src/main/scala/GameEngine.scala
2026.01.04 18:46:45 INFO  no build target found for /Users/samirmujic/Desktop/programming-languages-project/src/main/scala/GameEngine.scala. Using presentation compiler with project's scala-library version: 3.3.6
2026.01.04 18:46:45 WARN  Could not find semantic tokens for: file:///Users/samirmujic/Desktop/programming-languages-project/src/main/scala/GameEngine.scala
2026.01.04 18:46:52 WARN  no build target for: /Users/samirmujic/Desktop/programming-languages-project/src/main/scala/WordList.scala
2026.01.04 18:46:52 INFO  no build target found for /Users/samirmujic/Desktop/programming-languages-project/src/main/scala/WordList.scala. Using presentation compiler with project's scala-library version: 3.3.6
2026.01.04 18:46:53 INFO  no build target found for /Users/samirmujic/Desktop/programming-languages-project/src/main/scala/WordList.scala. Using presentation compiler with project's scala-library version: 3.3.6
2026.01.04 18:46:52 INFO  no build target found for /Users/samirmujic/Desktop/programming-languages-project/src/main/scala/WordList.scala. Using presentation compiler with project's scala-library version: 3.3.6
2026.01.04 18:46:55 WARN  no build target for: /Users/samirmujic/Desktop/programming-languages-project/src/main/scala/Player.scala
2026.01.04 18:46:55 INFO  no build target found for /Users/samirmujic/Desktop/programming-languages-project/src/main/scala/Player.scala. Using presentation compiler with project's scala-library version: 3.3.6
2026.01.04 18:46:55 INFO  no build target found for /Users/samirmujic/Desktop/programming-languages-project/src/main/scala/Player.scala. Using presentation compiler with project's scala-library version: 3.3.6
2026.01.04 18:46:57 WARN  no build target for: /Users/samirmujic/Desktop/programming-languages-project/src/main/scala/main.scala
2026.01.04 18:46:57 INFO  no build target found for /Users/samirmujic/Desktop/programming-languages-project/src/main/scala/main.scala. Using presentation compiler with project's scala-library version: 3.3.6
2026.01.04 18:46:58 INFO  no build target found for /Users/samirmujic/Desktop/programming-languages-project/src/main/scala/main.scala. Using presentation compiler with project's scala-library version: 3.3.6
2026.01.04 18:46:57 INFO  no build target found for /Users/samirmujic/Desktop/programming-languages-project/src/main/scala/main.scala. Using presentation compiler with project's scala-library version: 3.3.6
2026.01.04 18:46:57 INFO  no build target found for /Users/samirmujic/Desktop/programming-languages-project/src/main/scala/main.scala. Using presentation compiler with project's scala-library version: 3.3.6
2026.01.04 18:46:59 INFO  no build target found for /Users/samirmujic/Desktop/programming-languages-project/src/main/scala/main.scala. Using presentation compiler with project's scala-library version: 3.3.6
2026.01.04 18:47:02 WARN  no build target for: /Users/samirmujic/Desktop/programming-languages-project/src/main/scala/GameEngine.scala
2026.01.04 18:47:02 INFO  no build target found for /Users/samirmujic/Desktop/programming-languages-project/src/main/scala/GameEngine.scala. Using presentation compiler with project's scala-library version: 3.3.6
2026.01.04 18:47:02 WARN  Could not find semantic tokens for: file:///Users/samirmujic/Desktop/programming-languages-project/src/main/scala/GameEngine.scala
2026.01.04 18:47:19 INFO  no build target found for /Users/samirmujic/Desktop/programming-languages-project/src/main/scala/GameEngine.scala. Using presentation compiler with project's scala-library version: 3.3.6
2026.01.04 18:47:19 INFO  no build target found for /Users/samirmujic/Desktop/programming-languages-project/src/main/scala/GameEngine.scala. Using presentation compiler with project's scala-library version: 3.3.6
2026.01.04 18:47:19 INFO  no build target found for /Users/samirmujic/Desktop/programming-languages-project/src/main/scala/GameEngine.scala. Using presentation compiler with project's scala-library version: 3.3.6
2026.01.04 18:47:20 INFO  no build target found for /Users/samirmujic/Desktop/programming-languages-project/src/main/scala/GameEngine.scala. Using presentation compiler with project's scala-library version: 3.3.6
2026.01.04 18:47:22 INFO  no build target found for /Users/samirmujic/Desktop/programming-languages-project/src/main/scala/GameEngine.scala. Using presentation compiler with project's scala-library version: 3.3.6
2026.01.04 18:47:22 INFO  no build target found for /Users/samirmujic/Desktop/programming-languages-project/src/main/scala/GameEngine.scala. Using presentation compiler with project's scala-library version: 3.3.6
2026.01.04 18:47:23 INFO  no build target found for /Users/samirmujic/Desktop/programming-languages-project/src/main/scala/GameEngine.scala. Using presentation compiler with project's scala-library version: 3.3.6
2026.01.04 18:47:27 INFO  no build target found for /Users/samirmujic/Desktop/programming-languages-project/src/main/scala/GameEngine.scala. Using presentation compiler with project's scala-library version: 3.3.6
2026.01.04 18:47:27 INFO  no build target found for /Users/samirmujic/Desktop/programming-languages-project/src/main/scala/GameEngine.scala. Using presentation compiler with project's scala-library version: 3.3.6
2026.01.04 18:47:28 INFO  no build target found for /Users/samirmujic/Desktop/programming-languages-project/src/main/scala/GameEngine.scala. Using presentation compiler with project's scala-library version: 3.3.6
2026.01.04 18:47:28 INFO  no build target found for /Users/samirmujic/Desktop/programming-languages-project/src/main/scala/GameEngine.scala. Using presentation compiler with project's scala-library version: 3.3.6
2026.01.04 18:47:28 INFO  no build target found for /Users/samirmujic/Desktop/programming-languages-project/src/main/scala/GameEngine.scala. Using presentation compiler with project's scala-library version: 3.3.6
2026.01.04 18:47:29 INFO  no build target found for /Users/samirmujic/Desktop/programming-languages-project/src/main/scala/GameEngine.scala. Using presentation compiler with project's scala-library version: 3.3.6
2026.01.04 18:47:31 INFO  no build target found for /Users/samirmujic/Desktop/programming-languages-project/src/main/scala/GameEngine.scala. Using presentation compiler with project's scala-library version: 3.3.6
2026.01.04 18:47:45 WARN  no build target for: /Users/samirmujic/Desktop/programming-languages-project/src/main/scala/GameEngine.scala
2026.01.04 18:47:45 INFO  no build target found for /Users/samirmujic/Desktop/programming-languages-project/src/main/scala/GameEngine.scala. Using presentation compiler with project's scala-library version: 3.3.6
2026.01.04 18:47:45 INFO  no build target found for /Users/samirmujic/Desktop/programming-languages-project/src/main/scala/GameEngine.scala. Using presentation compiler with project's scala-library version: 3.3.6
2026.01.04 18:47:48 WARN  no build target for: /Users/samirmujic/Desktop/programming-languages-project/src/main/scala/WordList.scala
2026.01.04 18:47:48 INFO  no build target found for /Users/samirmujic/Desktop/programming-languages-project/src/main/scala/WordList.scala. Using presentation compiler with project's scala-library version: 3.3.6
2026.01.04 18:47:48 INFO  no build target found for /Users/samirmujic/Desktop/programming-languages-project/src/main/scala/WordList.scala. Using presentation compiler with project's scala-library version: 3.3.6
2026.01.04 18:47:51 WARN  no build target for: /Users/samirmujic/Desktop/programming-languages-project/src/main/scala/main.scala
2026.01.04 18:47:51 INFO  no build target found for /Users/samirmujic/Desktop/programming-languages-project/src/main/scala/main.scala. Using presentation compiler with project's scala-library version: 3.3.6
2026.01.04 18:47:51 INFO  no build target found for /Users/samirmujic/Desktop/programming-languages-project/src/main/scala/main.scala. Using presentation compiler with project's scala-library version: 3.3.6
2026.01.04 18:47:51 INFO  no build target found for /Users/samirmujic/Desktop/programming-languages-project/src/main/scala/main.scala. Using presentation compiler with project's scala-library version: 3.3.6
2026.01.04 18:47:57 INFO  no build target found for /Users/samirmujic/Desktop/programming-languages-project/src/main/scala/main.scala. Using presentation compiler with project's scala-library version: 3.3.6
2026.01.04 18:47:57 INFO  no build target found for /Users/samirmujic/Desktop/programming-languages-project/src/main/scala/main.scala. Using presentation compiler with project's scala-library version: 3.3.6
2026.01.04 18:47:57 INFO  no build target found for /Users/samirmujic/Desktop/programming-languages-project/src/main/scala/main.scala. Using presentation compiler with project's scala-library version: 3.3.6
2026.01.04 18:47:57 INFO  no build target found for /Users/samirmujic/Desktop/programming-languages-project/src/main/scala/main.scala. Using presentation compiler with project's scala-library version: 3.3.6
2026.01.04 18:47:58 INFO  no build target found for /Users/samirmujic/Desktop/programming-languages-project/src/main/scala/main.scala. Using presentation compiler with project's scala-library version: 3.3.6
2026.01.04 18:47:59 INFO  no build target found for /Users/samirmujic/Desktop/programming-languages-project/src/main/scala/main.scala. Using presentation compiler with project's scala-library version: 3.3.6
2026.01.04 18:47:59 INFO  no build target found for /Users/samirmujic/Desktop/programming-languages-project/src/main/scala/main.scala. Using presentation compiler with project's scala-library version: 3.3.6
2026.01.04 18:47:59 INFO  no build target found for /Users/samirmujic/Desktop/programming-languages-project/src/main/scala/main.scala. Using presentation compiler with project's scala-library version: 3.3.6
2026.01.04 18:47:59 INFO  no build target found for /Users/samirmujic/Desktop/programming-languages-project/src/main/scala/main.scala. Using presentation compiler with project's scala-library version: 3.3.6
2026.01.04 18:47:59 INFO  no build target found for /Users/samirmujic/Desktop/programming-languages-project/src/main/scala/main.scala. Using presentation compiler with project's scala-library version: 3.3.6
2026.01.04 18:47:59 INFO  no build target found for /Users/samirmujic/Desktop/programming-languages-project/src/main/scala/main.scala. Using presentation compiler with project's scala-library version: 3.3.6
2026.01.04 18:47:59 INFO  no build target found for /Users/samirmujic/Desktop/programming-languages-project/src/main/scala/main.scala. Using presentation compiler with project's scala-library version: 3.3.6
2026.01.04 18:48:02 INFO  no build target found for /Users/samirmujic/Desktop/programming-languages-project/src/main/scala/main.scala. Using presentation compiler with project's scala-library version: 3.3.6
2026.01.04 18:48:03 WARN  no build target for: /Users/samirmujic/Desktop/programming-languages-project/src/main/scala/Player.scala
2026.01.04 18:48:02 INFO  no build target found for /Users/samirmujic/Desktop/programming-languages-project/src/main/scala/Player.scala. Using presentation compiler with project's scala-library version: 3.3.6
2026.01.04 18:48:03 INFO  no build target found for /Users/samirmujic/Desktop/programming-languages-project/src/main/scala/Player.scala. Using presentation compiler with project's scala-library version: 3.3.6
2026.01.04 18:48:04 INFO  no build target found for /Users/samirmujic/Desktop/programming-languages-project/src/main/scala/main.scala. Using presentation compiler with project's scala-library version: 3.3.6
2026.01.04 18:48:04 WARN  no build target for: /Users/samirmujic/Desktop/programming-languages-project/src/main/scala/main.scala
2026.01.04 18:48:04 INFO  no build target found for /Users/samirmujic/Desktop/programming-languages-project/src/main/scala/main.scala. Using presentation compiler with project's scala-library version: 3.3.6
2026.01.04 18:48:04 INFO  no build target found for /Users/samirmujic/Desktop/programming-languages-project/src/main/scala/main.scala. Using presentation compiler with project's scala-library version: 3.3.6
2026.01.04 18:48:05 INFO  no build target found for /Users/samirmujic/Desktop/programming-languages-project/src/main/scala/main.scala. Using presentation compiler with project's scala-library version: 3.3.6
2026.01.04 18:48:09 WARN  no build target for: /Users/samirmujic/Desktop/programming-languages-project/src/main/scala/main.scala
2026.01.04 18:48:09 INFO  no build target found for /Users/samirmujic/Desktop/programming-languages-project/src/main/scala/main.scala. Using presentation compiler with project's scala-library version: 3.3.6
2026.01.04 18:48:11 INFO  no build target found for /Users/samirmujic/Desktop/programming-languages-project/src/main/scala/main.scala. Using presentation compiler with project's scala-library version: 3.3.6
2026.01.04 18:49:40 INFO  no build target found for /Users/samirmujic/Desktop/programming-languages-project/src/main/scala/main.scala. Using presentation compiler with project's scala-library version: 3.3.6
2026.01.04 18:51:12 INFO  no build target found for /Users/samirmujic/Desktop/programming-languages-project/src/main/scala/main.scala. Using presentation compiler with project's scala-library version: 3.3.6
2026.01.04 19:00:24 INFO  no build target found for /Users/samirmujic/Desktop/programming-languages-project/src/main/scala/main.scala. Using presentation compiler with project's scala-library version: 3.3.6
